
node.exe : 
No C:\Program Files\nodejs\npx.ps1:29 caractere:3
+   & $NODE_EXE $NPX_CLI_JS $args
+   ~~~~~~~~~~~~~~~~~~~~~~~~~~~~~
    + CategoryInfo          : NotSpecified: (:String) [], RemoteException
    + FullyQualifiedErrorId : NativeCommandError
 
DevTools listening on ws://127.0.0.1:50057/devtools/browser/1af3211b-6621-4510-a157-eb89010a42e2
Port 5173 is in use, trying another one...
Port 5174 is in use, trying another one...

====================================================================================================

  (Run Starting)

  ┌────────────────────────────────────────────────────────────────────────────────────────────────┐
  │ Cypress:        15.7.0                                                                         │
  │ Browser:        Electron 138 (headless)                                                        │
  │ Node Version:   v22.15.0 (C:\Program Files\nodejs\node.exe)                                    │
  │ Specs:          1 found (LoginForm.cy.jsx)                                                     │
  │ Searched:       C:\Users\Pichau\Desktop\_\FarmaFacil-ReactJS\cypress\component\LoginForm.cy.js │
  │                 x                                                                              │
  └────────────────────────────────────────────────────────────────────────────────────────────────┘


────────────────────────────────────────────────────────────────────────────────────────────────────
                                                                                                    
  Running:  LoginForm.cy.jsx                                                                (1 of 1)


  <LoginClientes /> (LoginForm)
    1) handles input typing and validation
    2) prevents submission with empty fields


  0 passing (505ms)
  2 failing

  1) <LoginClientes /> (LoginForm)
       handles input typing and validation:
     ReferenceError: The following error originated from your application code, not from Cypress.

  > React is not defined

When Cypress detects uncaught errors originating from your application it will automatically fail the current test.

This behavior is configurable, and you can choose to turn this off by listening to the `uncaught:exception` event.

https://on.cypress.io/uncaught-exception-from-application
      at LoginClientes (http://localhost:5175/__cypress/src/src/Pages/auth/Clientes/LoginClientes.jsx:45:3)
      at Object.react_stack_bottom_frame (http://localhost:5175/__cypress/src/node_modules/.vite/deps/chunk-LN4IF4KT.js?v=7c8c3b8b:17424:20)
      at renderWithHooks (http://localhost:5175/__cypress/src/node_modules/.vite/deps/chunk-LN4IF4KT.js?v=7c8c3b8b:4206:24)
      at updateFunctionComponent (http://localhost:5175/__cypress/src/node_modules/.vite/deps/chunk-LN4IF4KT.js?v=7c8c3b8b:6619:21)
      at beginWork (http://localhost:5175/__cypress/src/node_modules/.vite/deps/chunk-LN4IF4KT.js?v=7c8c3b8b:7654:20)
      at runWithFiberInDEV (http://localhost:5175/__cypress/src/node_modules/.vite/deps/chunk-LN4IF4KT.js?v=7c8c3b8b:1485:72)
      at performUnitOfWork (http://localhost:5175/__cypress/src/node_modules/.vite/deps/chunk-LN4IF4KT.js?v=7c8c3b8b:10874:82)
      at workLoopSync (http://localhost:5175/__cypress/src/node_modules/.vite/deps/chunk-LN4IF4KT.js?v=7c8c3b8b:10728:43)
      at renderRootSync (http://localhost:5175/__cypress/src/node_modules/.vite/deps/chunk-LN4IF4KT.js?v=7c8c3b8b:10711:13)
      at performWorkOnRoot (http://localhost:5175/__cypress/src/node_modules/.vite/deps/chunk-LN4IF4KT.js?v=7c8c3b8b:10359:46)

  2) <LoginClientes /> (LoginForm)
       prevents submission with empty fields:
     ReferenceError: The following error originated from your application code, not from Cypress.

  > React is not defined

When Cypress detects uncaught errors originating from your application it will automatically fail the current test.

This behavior is configurable, and you can choose to turn this off by listening to the `uncaught:exception` event.

https://on.cypress.io/uncaught-exception-from-application
      at LoginClientes (http://localhost:5175/__cypress/src/src/Pages/auth/Clientes/LoginClientes.jsx:45:3)
      at Object.react_stack_bottom_frame (http://localhost:5175/__cypress/src/node_modules/.vite/deps/chunk-LN4IF4KT.js?v=7c8c3b8b:17424:20)
      at renderWithHooks (http://localhost:5175/__cypress/src/node_modules/.vite/deps/chunk-LN4IF4KT.js?v=7c8c3b8b:4206:24)
      at updateFunctionComponent (http://localhost:5175/__cypress/src/node_modules/.vite/deps/chunk-LN4IF4KT.js?v=7c8c3b8b:6619:21)
      at beginWork (http://localhost:5175/__cypress/src/node_modules/.vite/deps/chunk-LN4IF4KT.js?v=7c8c3b8b:7654:20)
      at runWithFiberInDEV (http://localhost:5175/__cypress/src/node_modules/.vite/deps/chunk-LN4IF4KT.js?v=7c8c3b8b:1485:72)
      at performUnitOfWork (http://localhost:5175/__cypress/src/node_modules/.vite/deps/chunk-LN4IF4KT.js?v=7c8c3b8b:10874:82)
      at workLoopSync (http://localhost:5175/__cypress/src/node_modules/.vite/deps/chunk-LN4IF4KT.js?v=7c8c3b8b:10728:43)
      at renderRootSync (http://localhost:5175/__cypress/src/node_modules/.vite/deps/chunk-LN4IF4KT.js?v=7c8c3b8b:10711:13)
      at performWorkOnRoot (http://localhost:5175/__cypress/src/node_modules/.vite/deps/chunk-LN4IF4KT.js?v=7c8c3b8b:10359:46)




  (Results)

  ┌────────────────────────────────────────────────────────────────────────────────────────────────┐
  │ Tests:        2                                                                                │
  │ Passing:      0                                                                                │
  │ Failing:      2                                                                                │
  │ Pending:      0                                                                                │
  │ Skipped:      0                                                                                │
  │ Screenshots:  2                                                                                │
  │ Video:        true                                                                             │
  │ Duration:     0 seconds                                                                        │
  │ Spec Ran:     LoginForm.cy.jsx                                                                 │
  └────────────────────────────────────────────────────────────────────────────────────────────────┘


  (Screenshots)

  -  C:\Users\Pichau\Desktop\_\FarmaFacil-ReactJS\cypress\screenshots\LoginForm.cy.js     (1280x720)
     x\LoginClientes  (LoginForm) -- handles input typing and validation (failed).png               
  -  C:\Users\Pichau\Desktop\_\FarmaFacil-ReactJS\cypress\screenshots\LoginForm.cy.js     (1280x720)
     x\LoginClientes  (LoginForm) -- prevents submission with empty fields (failed).p               
     ng                                                                                             


  (Video)

  -  Video output: C:\Users\Pichau\Desktop\_\FarmaFacil-ReactJS\cypress\videos\LoginForm.cy.jsx.mp4


====================================================================================================

  (Run Finished)


       Spec                                              Tests  Passing  Failing  Pending  Skipped  
  ┌────────────────────────────────────────────────────────────────────────────────────────────────┐
  │ ×  LoginForm.cy.jsx                         503ms        2        -        2        -        - │
  └────────────────────────────────────────────────────────────────────────────────────────────────┘
    ×  1 of 1 failed (100%)                     503ms        2        -        2        -        -  

